{
	"desc": "test-desc",
	"docs": "test-docs",
	"kind": "testKind",
	"annotation": "test annotation",
	"stack": [
		{
			"file": "--REPLACED--/github.com/giantswarm/microerror/json_test.go",
			"line": 56
		},
		{
			"file": "--REPLACED--/github.com/giantswarm/microerror/json_test.go",
			"line": 57
		},
		{
			"file": "--REPLACED--/github.com/giantswarm/microerror/json_test.go",
			"line": 58
		}
	]
}