{
	"desc": "test-desc",
	"docs": "test-docs",
	"kind": "testKind"
}