{
	"kind": "unknown",
	"annotation": "test error",
	"stack": [
		{
			"file": "--REPLACED--/json_test.go",
			"line": 72
		}
	]
}
