{"desc":"test-desc","docs":"test-docs","kind":"testKind","stack":[{"file":"--REPLACED--/github.com/giantswarm/microerror/json_test.go","line":63}]}