{
	"kind": "nil",
	"annotation": "\u003cnil\u003e"
}
