{
	"desc": "test-desc",
	"docs": "test-docs",
	"kind": "testKind",
	"annotation": "test annotation",
	"stack": [
		{
			"file": "--REPLACED--/json_test.go",
			"line": 48
		}
	]
}
