Error: Something went wrong: Something bad happened, and we had to crash