Something went wrong

--REPLACED--/pretty_test.go:149