Error: Something went wrong: Something bad happened, and we had to crash
that's the first time it happened, really