Something went wrong: something bad happened, and we had to crash