Error: Something bad happened, and we had to crash