Something went wrong: Something bad happened, and we had to crash
	--REPLACED--/pretty_test.go:161