/Users/axbarsan/_dev/src/github.com/giantswarm/microerror/stack_trace_test.go:28